Copyright 1986-2020 Xilinx, Inc. All Rights Reserved.
---------------------------------------------------------------------------------------------------------------------------------------
| Tool Version : Vivado v.2020.1 (win64) Build 2902540 Wed May 27 19:54:49 MDT 2020
| Date         : Thu Nov  5 14:16:42 2020
| Host         : DESKTOP-AOVMD3L running 64-bit major release  (build 9200)
| Command      : report_drc -file design_1_wrapper_drc_opted.rpt -pb design_1_wrapper_drc_opted.pb -rpx design_1_wrapper_drc_opted.rpx
| Design       : design_1_wrapper
| Device       : xczu5ev-sfvc784-1-i
| Speed File   : -1
| Design State : Synthesized
---------------------------------------------------------------------------------------------------------------------------------------

Report DRC

Table of Contents
-----------------
1. REPORT SUMMARY
2. REPORT DETAILS

1. REPORT SUMMARY
-----------------
            Netlist: netlist
          Floorplan: design_1
      Design limits: <entire design considered>
           Ruledeck: default
             Max violations: <unlimited>
             Violations found: 30
+-----------+----------+---------------------------------------------------+------------+
| Rule      | Severity | Description                                       | Violations |
+-----------+----------+---------------------------------------------------+------------+
| DPIP-2    | Warning  | Input pipelining                                  | 4          |
| DPOP-3    | Warning  | PREG Output pipelining                            | 6          |
| DPOP-4    | Warning  | MREG Output pipelining                            | 8          |
| REQP-1869 | Warning  | URAM288_CASCADE_ORDER_FIRST-NONE_tie_CAS_IN_X_low | 12         |
+-----------+----------+---------------------------------------------------+------------+

2. REPORT DETAILS
-----------------
DPIP-2#1 Warning
Input pipelining  
DSP design_1_i/erosion_0/inst/rgb2YCrCb_1080_1920_U0/mac_muladd_13ns_8ns_22ns_22_4_1_U18/erosion_mac_muladd_13ns_8ns_22ns_22_4_1_DSP48_1_U/p_reg_reg input design_1_i/erosion_0/inst/rgb2YCrCb_1080_1920_U0/mac_muladd_13ns_8ns_22ns_22_4_1_U18/erosion_mac_muladd_13ns_8ns_22ns_22_4_1_DSP48_1_U/p_reg_reg/C[47:0] is not pipelined. Pipelining DSP48 input will improve performance.
Related violations: <none>

DPIP-2#2 Warning
Input pipelining  
DSP design_1_i/erosion_0/inst/rgb2YCrCb_1080_1920_U0/mac_muladd_16ns_8ns_22ns_23_4_1_U19/erosion_mac_muladd_16ns_8ns_22ns_23_4_1_DSP48_2_U/p_reg_reg input design_1_i/erosion_0/inst/rgb2YCrCb_1080_1920_U0/mac_muladd_16ns_8ns_22ns_23_4_1_U19/erosion_mac_muladd_16ns_8ns_22ns_23_4_1_DSP48_2_U/p_reg_reg/C[47:0] is not pipelined. Pipelining DSP48 input will improve performance.
Related violations: <none>

DPIP-2#3 Warning
Input pipelining  
DSP design_1_i/v_demosaic_0/inst/Debayer_U0/DebayerG_U0/add_ln497_1_reg_4431_reg input design_1_i/v_demosaic_0/inst/Debayer_U0/DebayerG_U0/add_ln497_1_reg_4431_reg/C[47:0] is not pipelined. Pipelining DSP48 input will improve performance.
Related violations: <none>

DPIP-2#4 Warning
Input pipelining  
DSP design_1_i/v_demosaic_0/inst/Debayer_U0/DebayerG_U0/add_ln497_reg_4426_reg input design_1_i/v_demosaic_0/inst/Debayer_U0/DebayerG_U0/add_ln497_reg_4426_reg/C[47:0] is not pipelined. Pipelining DSP48 input will improve performance.
Related violations: <none>

DPOP-3#1 Warning
PREG Output pipelining  
DSP design_1_i/v_demosaic_0/inst/Debayer_U0/DebayerG_U0/v_demosaic_mul_mug8j_U16/design_1_v_demosaic_0_0_v_demosaic_mul_mug8j_DSP48_0_U/p output design_1_i/v_demosaic_0/inst/Debayer_U0/DebayerG_U0/v_demosaic_mul_mug8j_U16/design_1_v_demosaic_0_0_v_demosaic_mul_mug8j_DSP48_0_U/p/P[47:0] is not pipelined (PREG=0). Pipelining the DSP48 output will improve performance and often saves power so it is suggested whenever possible to fully pipeline this function.  If this DSP48 function was inferred, it is suggested to describe an additional register stage after this function.  If the DSP48 was instantiated in the design, it is suggested to set the PREG attribute to 1.
Related violations: <none>

DPOP-3#2 Warning
PREG Output pipelining  
DSP design_1_i/v_demosaic_0/inst/Debayer_U0/DebayerG_U0/v_demosaic_mul_mug8j_U19/design_1_v_demosaic_0_0_v_demosaic_mul_mug8j_DSP48_0_U/p output design_1_i/v_demosaic_0/inst/Debayer_U0/DebayerG_U0/v_demosaic_mul_mug8j_U19/design_1_v_demosaic_0_0_v_demosaic_mul_mug8j_DSP48_0_U/p/P[47:0] is not pipelined (PREG=0). Pipelining the DSP48 output will improve performance and often saves power so it is suggested whenever possible to fully pipeline this function.  If this DSP48 function was inferred, it is suggested to describe an additional register stage after this function.  If the DSP48 was instantiated in the design, it is suggested to set the PREG attribute to 1.
Related violations: <none>

DPOP-3#3 Warning
PREG Output pipelining  
DSP design_1_i/v_demosaic_0/inst/Debayer_U0/DebayerG_U0/v_demosaic_mul_muhbi_U17/design_1_v_demosaic_0_0_v_demosaic_mul_muhbi_DSP48_1_U/p output design_1_i/v_demosaic_0/inst/Debayer_U0/DebayerG_U0/v_demosaic_mul_muhbi_U17/design_1_v_demosaic_0_0_v_demosaic_mul_muhbi_DSP48_1_U/p/P[47:0] is not pipelined (PREG=0). Pipelining the DSP48 output will improve performance and often saves power so it is suggested whenever possible to fully pipeline this function.  If this DSP48 function was inferred, it is suggested to describe an additional register stage after this function.  If the DSP48 was instantiated in the design, it is suggested to set the PREG attribute to 1.
Related violations: <none>

DPOP-3#4 Warning
PREG Output pipelining  
DSP design_1_i/v_demosaic_0/inst/Debayer_U0/DebayerG_U0/v_demosaic_mul_muhbi_U18/design_1_v_demosaic_0_0_v_demosaic_mul_muhbi_DSP48_1_U/p output design_1_i/v_demosaic_0/inst/Debayer_U0/DebayerG_U0/v_demosaic_mul_muhbi_U18/design_1_v_demosaic_0_0_v_demosaic_mul_muhbi_DSP48_1_U/p/P[47:0] is not pipelined (PREG=0). Pipelining the DSP48 output will improve performance and often saves power so it is suggested whenever possible to fully pipeline this function.  If this DSP48 function was inferred, it is suggested to describe an additional register stage after this function.  If the DSP48 was instantiated in the design, it is suggested to set the PREG attribute to 1.
Related violations: <none>

DPOP-3#5 Warning
PREG Output pipelining  
DSP design_1_i/v_demosaic_0/inst/Debayer_U0/DebayerG_U0/v_demosaic_mul_mujbC_U21/design_1_v_demosaic_0_0_v_demosaic_mul_mujbC_DSP48_3_U/p output design_1_i/v_demosaic_0/inst/Debayer_U0/DebayerG_U0/v_demosaic_mul_mujbC_U21/design_1_v_demosaic_0_0_v_demosaic_mul_mujbC_DSP48_3_U/p/P[47:0] is not pipelined (PREG=0). Pipelining the DSP48 output will improve performance and often saves power so it is suggested whenever possible to fully pipeline this function.  If this DSP48 function was inferred, it is suggested to describe an additional register stage after this function.  If the DSP48 was instantiated in the design, it is suggested to set the PREG attribute to 1.
Related violations: <none>

DPOP-3#6 Warning
PREG Output pipelining  
DSP design_1_i/v_demosaic_0/inst/Debayer_U0/DebayerG_U0/v_demosaic_mul_mujbC_U23/design_1_v_demosaic_0_0_v_demosaic_mul_mujbC_DSP48_3_U/p output design_1_i/v_demosaic_0/inst/Debayer_U0/DebayerG_U0/v_demosaic_mul_mujbC_U23/design_1_v_demosaic_0_0_v_demosaic_mul_mujbC_DSP48_3_U/p/P[47:0] is not pipelined (PREG=0). Pipelining the DSP48 output will improve performance and often saves power so it is suggested whenever possible to fully pipeline this function.  If this DSP48 function was inferred, it is suggested to describe an additional register stage after this function.  If the DSP48 was instantiated in the design, it is suggested to set the PREG attribute to 1.
Related violations: <none>

DPOP-4#1 Warning
MREG Output pipelining  
DSP design_1_i/v_demosaic_0/inst/Debayer_U0/DebayerG_U0/add_ln497_1_reg_4431_reg multiplier stage design_1_i/v_demosaic_0/inst/Debayer_U0/DebayerG_U0/add_ln497_1_reg_4431_reg/P[47:0] is not pipelined (MREG=0). Pipelining the multiplier function will improve performance and will save significant power so it is suggested whenever possible to fully pipeline this function.  If this multiplier was inferred, it is suggested to describe an additional register stage after this function.  If there is no registered adder/accumulator following the multiply function, two pipeline stages are suggested to allow both the MREG and PREG registers to be used.  If the DSP48 was instantiated in the design, it is suggested to set both the MREG and PREG attributes to 1 when performing multiply functions.
Related violations: <none>

DPOP-4#2 Warning
MREG Output pipelining  
DSP design_1_i/v_demosaic_0/inst/Debayer_U0/DebayerG_U0/add_ln497_reg_4426_reg multiplier stage design_1_i/v_demosaic_0/inst/Debayer_U0/DebayerG_U0/add_ln497_reg_4426_reg/P[47:0] is not pipelined (MREG=0). Pipelining the multiplier function will improve performance and will save significant power so it is suggested whenever possible to fully pipeline this function.  If this multiplier was inferred, it is suggested to describe an additional register stage after this function.  If there is no registered adder/accumulator following the multiply function, two pipeline stages are suggested to allow both the MREG and PREG registers to be used.  If the DSP48 was instantiated in the design, it is suggested to set both the MREG and PREG attributes to 1 when performing multiply functions.
Related violations: <none>

DPOP-4#3 Warning
MREG Output pipelining  
DSP design_1_i/v_demosaic_0/inst/Debayer_U0/DebayerG_U0/v_demosaic_mul_mug8j_U16/design_1_v_demosaic_0_0_v_demosaic_mul_mug8j_DSP48_0_U/p multiplier stage design_1_i/v_demosaic_0/inst/Debayer_U0/DebayerG_U0/v_demosaic_mul_mug8j_U16/design_1_v_demosaic_0_0_v_demosaic_mul_mug8j_DSP48_0_U/p/P[47:0] is not pipelined (MREG=0). Pipelining the multiplier function will improve performance and will save significant power so it is suggested whenever possible to fully pipeline this function.  If this multiplier was inferred, it is suggested to describe an additional register stage after this function.  If there is no registered adder/accumulator following the multiply function, two pipeline stages are suggested to allow both the MREG and PREG registers to be used.  If the DSP48 was instantiated in the design, it is suggested to set both the MREG and PREG attributes to 1 when performing multiply functions.
Related violations: <none>

DPOP-4#4 Warning
MREG Output pipelining  
DSP design_1_i/v_demosaic_0/inst/Debayer_U0/DebayerG_U0/v_demosaic_mul_mug8j_U19/design_1_v_demosaic_0_0_v_demosaic_mul_mug8j_DSP48_0_U/p multiplier stage design_1_i/v_demosaic_0/inst/Debayer_U0/DebayerG_U0/v_demosaic_mul_mug8j_U19/design_1_v_demosaic_0_0_v_demosaic_mul_mug8j_DSP48_0_U/p/P[47:0] is not pipelined (MREG=0). Pipelining the multiplier function will improve performance and will save significant power so it is suggested whenever possible to fully pipeline this function.  If this multiplier was inferred, it is suggested to describe an additional register stage after this function.  If there is no registered adder/accumulator following the multiply function, two pipeline stages are suggested to allow both the MREG and PREG registers to be used.  If the DSP48 was instantiated in the design, it is suggested to set both the MREG and PREG attributes to 1 when performing multiply functions.
Related violations: <none>

DPOP-4#5 Warning
MREG Output pipelining  
DSP design_1_i/v_demosaic_0/inst/Debayer_U0/DebayerG_U0/v_demosaic_mul_muhbi_U17/design_1_v_demosaic_0_0_v_demosaic_mul_muhbi_DSP48_1_U/p multiplier stage design_1_i/v_demosaic_0/inst/Debayer_U0/DebayerG_U0/v_demosaic_mul_muhbi_U17/design_1_v_demosaic_0_0_v_demosaic_mul_muhbi_DSP48_1_U/p/P[47:0] is not pipelined (MREG=0). Pipelining the multiplier function will improve performance and will save significant power so it is suggested whenever possible to fully pipeline this function.  If this multiplier was inferred, it is suggested to describe an additional register stage after this function.  If there is no registered adder/accumulator following the multiply function, two pipeline stages are suggested to allow both the MREG and PREG registers to be used.  If the DSP48 was instantiated in the design, it is suggested to set both the MREG and PREG attributes to 1 when performing multiply functions.
Related violations: <none>

DPOP-4#6 Warning
MREG Output pipelining  
DSP design_1_i/v_demosaic_0/inst/Debayer_U0/DebayerG_U0/v_demosaic_mul_muhbi_U18/design_1_v_demosaic_0_0_v_demosaic_mul_muhbi_DSP48_1_U/p multiplier stage design_1_i/v_demosaic_0/inst/Debayer_U0/DebayerG_U0/v_demosaic_mul_muhbi_U18/design_1_v_demosaic_0_0_v_demosaic_mul_muhbi_DSP48_1_U/p/P[47:0] is not pipelined (MREG=0). Pipelining the multiplier function will improve performance and will save significant power so it is suggested whenever possible to fully pipeline this function.  If this multiplier was inferred, it is suggested to describe an additional register stage after this function.  If there is no registered adder/accumulator following the multiply function, two pipeline stages are suggested to allow both the MREG and PREG registers to be used.  If the DSP48 was instantiated in the design, it is suggested to set both the MREG and PREG attributes to 1 when performing multiply functions.
Related violations: <none>

DPOP-4#7 Warning
MREG Output pipelining  
DSP design_1_i/v_demosaic_0/inst/Debayer_U0/DebayerG_U0/v_demosaic_mul_mujbC_U21/design_1_v_demosaic_0_0_v_demosaic_mul_mujbC_DSP48_3_U/p multiplier stage design_1_i/v_demosaic_0/inst/Debayer_U0/DebayerG_U0/v_demosaic_mul_mujbC_U21/design_1_v_demosaic_0_0_v_demosaic_mul_mujbC_DSP48_3_U/p/P[47:0] is not pipelined (MREG=0). Pipelining the multiplier function will improve performance and will save significant power so it is suggested whenever possible to fully pipeline this function.  If this multiplier was inferred, it is suggested to describe an additional register stage after this function.  If there is no registered adder/accumulator following the multiply function, two pipeline stages are suggested to allow both the MREG and PREG registers to be used.  If the DSP48 was instantiated in the design, it is suggested to set both the MREG and PREG attributes to 1 when performing multiply functions.
Related violations: <none>

DPOP-4#8 Warning
MREG Output pipelining  
DSP design_1_i/v_demosaic_0/inst/Debayer_U0/DebayerG_U0/v_demosaic_mul_mujbC_U23/design_1_v_demosaic_0_0_v_demosaic_mul_mujbC_DSP48_3_U/p multiplier stage design_1_i/v_demosaic_0/inst/Debayer_U0/DebayerG_U0/v_demosaic_mul_mujbC_U23/design_1_v_demosaic_0_0_v_demosaic_mul_mujbC_DSP48_3_U/p/P[47:0] is not pipelined (MREG=0). Pipelining the multiplier function will improve performance and will save significant power so it is suggested whenever possible to fully pipeline this function.  If this multiplier was inferred, it is suggested to describe an additional register stage after this function.  If there is no registered adder/accumulator following the multiply function, two pipeline stages are suggested to allow both the MREG and PREG registers to be used.  If the DSP48 was instantiated in the design, it is suggested to set both the MREG and PREG attributes to 1 when performing multiply functions.
Related violations: <none>

REQP-1869#1 Warning
URAM288_CASCADE_ORDER_FIRST-NONE_tie_CAS_IN_X_low  
URAM288 design_1_i/axi_vdma_0/U0/GEN_SPRT_FOR_S2MM.S2MM_LINEBUFFER_I/GEN_S2MM_FLUSH_SOF_LOGIC.GEN_LINEBUFFER_FLUSH_SOF.GEN_SYNC_FIFO_FLUSH_SOF.I_LINEBUFFER_FIFO/xpm_fifo_sync_inst/xpm_fifo_base_inst/gen_sdpram.xpm_memory_base_inst/gen_wr_a.gen_word_narrow.mem_reg_uram_0 has CASCADE_ORDER_A (NONE) set to FIRST or NONE, the CAS_IN_ADDR_A[22:0] bus pins should be tied LOW.
Related violations: <none>

REQP-1869#2 Warning
URAM288_CASCADE_ORDER_FIRST-NONE_tie_CAS_IN_X_low  
URAM288 design_1_i/axi_vdma_0/U0/GEN_SPRT_FOR_S2MM.S2MM_LINEBUFFER_I/GEN_S2MM_FLUSH_SOF_LOGIC.GEN_LINEBUFFER_FLUSH_SOF.GEN_SYNC_FIFO_FLUSH_SOF.I_LINEBUFFER_FIFO/xpm_fifo_sync_inst/xpm_fifo_base_inst/gen_sdpram.xpm_memory_base_inst/gen_wr_a.gen_word_narrow.mem_reg_uram_0 has CASCADE_ORDER_A (NONE) set to FIRST or NONE, the CAS_IN_BWE_A[8:0] bus pins should be tied LOW.
Related violations: <none>

REQP-1869#3 Warning
URAM288_CASCADE_ORDER_FIRST-NONE_tie_CAS_IN_X_low  
URAM288 design_1_i/axi_vdma_0/U0/GEN_SPRT_FOR_S2MM.S2MM_LINEBUFFER_I/GEN_S2MM_FLUSH_SOF_LOGIC.GEN_LINEBUFFER_FLUSH_SOF.GEN_SYNC_FIFO_FLUSH_SOF.I_LINEBUFFER_FIFO/xpm_fifo_sync_inst/xpm_fifo_base_inst/gen_sdpram.xpm_memory_base_inst/gen_wr_a.gen_word_narrow.mem_reg_uram_0 has CASCADE_ORDER_A (NONE) set to FIRST or NONE, the CAS_IN_DIN_A[71:0] bus pins should be tied LOW.
Related violations: <none>

REQP-1869#4 Warning
URAM288_CASCADE_ORDER_FIRST-NONE_tie_CAS_IN_X_low  
URAM288 design_1_i/axi_vdma_0/U0/GEN_SPRT_FOR_S2MM.S2MM_LINEBUFFER_I/GEN_S2MM_FLUSH_SOF_LOGIC.GEN_LINEBUFFER_FLUSH_SOF.GEN_SYNC_FIFO_FLUSH_SOF.I_LINEBUFFER_FIFO/xpm_fifo_sync_inst/xpm_fifo_base_inst/gen_sdpram.xpm_memory_base_inst/gen_wr_a.gen_word_narrow.mem_reg_uram_0 has CASCADE_ORDER_A (NONE) set to FIRST or NONE, the CAS_IN_DOUT_A[71:0] bus pins should be tied LOW.
Related violations: <none>

REQP-1869#5 Warning
URAM288_CASCADE_ORDER_FIRST-NONE_tie_CAS_IN_X_low  
URAM288 design_1_i/axi_vdma_0/U0/GEN_SPRT_FOR_S2MM.S2MM_LINEBUFFER_I/GEN_S2MM_FLUSH_SOF_LOGIC.GEN_LINEBUFFER_FLUSH_SOF.GEN_SYNC_FIFO_FLUSH_SOF.I_LINEBUFFER_FIFO/xpm_fifo_sync_inst/xpm_fifo_base_inst/gen_sdpram.xpm_memory_base_inst/gen_wr_a.gen_word_narrow.mem_reg_uram_0 has CASCADE_ORDER_A (NONE) set to FIRST or NONE, the CAS_IN_RDACCESS_A pin should be tied LOW.
Related violations: <none>

REQP-1869#6 Warning
URAM288_CASCADE_ORDER_FIRST-NONE_tie_CAS_IN_X_low  
URAM288 design_1_i/axi_vdma_0/U0/GEN_SPRT_FOR_S2MM.S2MM_LINEBUFFER_I/GEN_S2MM_FLUSH_SOF_LOGIC.GEN_LINEBUFFER_FLUSH_SOF.GEN_SYNC_FIFO_FLUSH_SOF.I_LINEBUFFER_FIFO/xpm_fifo_sync_inst/xpm_fifo_base_inst/gen_sdpram.xpm_memory_base_inst/gen_wr_a.gen_word_narrow.mem_reg_uram_0 has CASCADE_ORDER_A (NONE) set to FIRST or NONE, the CAS_IN_RDB_WR_A pin should be tied LOW.
Related violations: <none>

REQP-1869#7 Warning
URAM288_CASCADE_ORDER_FIRST-NONE_tie_CAS_IN_X_low  
URAM288 design_1_i/axi_vdma_0/U0/GEN_SPRT_FOR_S2MM.S2MM_LINEBUFFER_I/GEN_S2MM_FLUSH_SOF_LOGIC.GEN_LINEBUFFER_FLUSH_SOF.GEN_SYNC_FIFO_FLUSH_SOF.I_LINEBUFFER_FIFO/xpm_fifo_sync_inst/xpm_fifo_base_inst/gen_sdpram.xpm_memory_base_inst/gen_wr_a.gen_word_narrow.mem_reg_uram_0 has CASCADE_ORDER_B (NONE) set to FIRST or NONE, the CAS_IN_ADDR_B[22:0] bus pins should be tied LOW.
Related violations: <none>

REQP-1869#8 Warning
URAM288_CASCADE_ORDER_FIRST-NONE_tie_CAS_IN_X_low  
URAM288 design_1_i/axi_vdma_0/U0/GEN_SPRT_FOR_S2MM.S2MM_LINEBUFFER_I/GEN_S2MM_FLUSH_SOF_LOGIC.GEN_LINEBUFFER_FLUSH_SOF.GEN_SYNC_FIFO_FLUSH_SOF.I_LINEBUFFER_FIFO/xpm_fifo_sync_inst/xpm_fifo_base_inst/gen_sdpram.xpm_memory_base_inst/gen_wr_a.gen_word_narrow.mem_reg_uram_0 has CASCADE_ORDER_B (NONE) set to FIRST or NONE, the CAS_IN_BWE_B[8:0] bus pins should be tied LOW.
Related violations: <none>

REQP-1869#9 Warning
URAM288_CASCADE_ORDER_FIRST-NONE_tie_CAS_IN_X_low  
URAM288 design_1_i/axi_vdma_0/U0/GEN_SPRT_FOR_S2MM.S2MM_LINEBUFFER_I/GEN_S2MM_FLUSH_SOF_LOGIC.GEN_LINEBUFFER_FLUSH_SOF.GEN_SYNC_FIFO_FLUSH_SOF.I_LINEBUFFER_FIFO/xpm_fifo_sync_inst/xpm_fifo_base_inst/gen_sdpram.xpm_memory_base_inst/gen_wr_a.gen_word_narrow.mem_reg_uram_0 has CASCADE_ORDER_B (NONE) set to FIRST or NONE, the CAS_IN_DIN_B[71:0] bus pins should be tied LOW.
Related violations: <none>

REQP-1869#10 Warning
URAM288_CASCADE_ORDER_FIRST-NONE_tie_CAS_IN_X_low  
URAM288 design_1_i/axi_vdma_0/U0/GEN_SPRT_FOR_S2MM.S2MM_LINEBUFFER_I/GEN_S2MM_FLUSH_SOF_LOGIC.GEN_LINEBUFFER_FLUSH_SOF.GEN_SYNC_FIFO_FLUSH_SOF.I_LINEBUFFER_FIFO/xpm_fifo_sync_inst/xpm_fifo_base_inst/gen_sdpram.xpm_memory_base_inst/gen_wr_a.gen_word_narrow.mem_reg_uram_0 has CASCADE_ORDER_B (NONE) set to FIRST or NONE, the CAS_IN_DOUT_B[71:0] bus pins should be tied LOW.
Related violations: <none>

REQP-1869#11 Warning
URAM288_CASCADE_ORDER_FIRST-NONE_tie_CAS_IN_X_low  
URAM288 design_1_i/axi_vdma_0/U0/GEN_SPRT_FOR_S2MM.S2MM_LINEBUFFER_I/GEN_S2MM_FLUSH_SOF_LOGIC.GEN_LINEBUFFER_FLUSH_SOF.GEN_SYNC_FIFO_FLUSH_SOF.I_LINEBUFFER_FIFO/xpm_fifo_sync_inst/xpm_fifo_base_inst/gen_sdpram.xpm_memory_base_inst/gen_wr_a.gen_word_narrow.mem_reg_uram_0 has CASCADE_ORDER_B (NONE) set to FIRST or NONE, the CAS_IN_RDACCESS_B pin should be tied LOW.
Related violations: <none>

REQP-1869#12 Warning
URAM288_CASCADE_ORDER_FIRST-NONE_tie_CAS_IN_X_low  
URAM288 design_1_i/axi_vdma_0/U0/GEN_SPRT_FOR_S2MM.S2MM_LINEBUFFER_I/GEN_S2MM_FLUSH_SOF_LOGIC.GEN_LINEBUFFER_FLUSH_SOF.GEN_SYNC_FIFO_FLUSH_SOF.I_LINEBUFFER_FIFO/xpm_fifo_sync_inst/xpm_fifo_base_inst/gen_sdpram.xpm_memory_base_inst/gen_wr_a.gen_word_narrow.mem_reg_uram_0 has CASCADE_ORDER_B (NONE) set to FIRST or NONE, the CAS_IN_RDB_WR_B pin should be tied LOW.
Related violations: <none>


