

================================================================
== Vitis HLS Report for 'edge_canny_detector'
================================================================
* Date:           Mon Nov  2 13:48:47 2020

* Version:        2020.1 (Build 2902540 on Wed May 27 20:16:15 MDT 2020)
* Project:        edge_canny_detector
* Solution:       solution1 (Vivado IP Flow Target)
* Product family: zynquplus
* Target device:  xczu3eg-sfvc784-1-i


================================================================
== Performance Estimates
================================================================
+ Timing: 
    * Summary: 
    +--------+----------+----------+------------+
    |  Clock |  Target  | Estimated| Uncertainty|
    +--------+----------+----------+------------+
    |ap_clk  | 10.00 ns | 7.287 ns |   2.70 ns  |
    +--------+----------+----------+------------+

+ Latency: 
    * Summary: 
    +---------+---------+----------+----------+-----+-----+----------+
    |  Latency (cycles) |  Latency (absolute) |  Interval | Pipeline |
    |   min   |   max   |    min   |    max   | min | max |   Type   |
    +---------+---------+----------+----------+-----+-----+----------+
    |        ?|        ?|         ?|         ?|    ?|    ?| dataflow |
    +---------+---------+----------+----------+-----+-----+----------+

    + Detail: 
        * Instance: 
        +------------------------------------------------------------------+-----------------------------------------------------------------+---------+---------+-----------+-----------+---------+---------+---------+
        |                                                                  |                                                                 |  Latency (cycles) |   Latency (absolute)  |      Interval     | Pipeline|
        |                             Instance                             |                              Module                             |   min   |   max   |    min    |    max    |   min   |   max   |   Type  |
        +------------------------------------------------------------------+-----------------------------------------------------------------+---------+---------+-----------+-----------+---------+---------+---------+
        |xFMagnitudeKernel_2_2_1080_1920_3_3_1_5_5_1920_5760_U0            |xFMagnitudeKernel_2_2_1080_1920_3_3_1_5_5_1920_5760_s            |  2085481|  2085481| 20.855 ms | 20.855 ms |  2085481|  2085481|   none  |
        |xFSuppression3x3_2_0_0_1080_1920_3_0_0_1_5_1_1_1920_5760_5760_U0  |xFSuppression3x3_2_0_0_1080_1920_3_0_0_1_5_1_1_1920_5760_5760_s  |  2082003|  2082003| 20.820 ms | 20.820 ms |  2082003|  2082003|   none  |
        |xFSobel_0_2_1080_1920_0_3_1_1_5_3_false_U0                        |xFSobel_0_2_1080_1920_0_3_1_1_5_3_false_s                        |  2088859|  2088859| 20.889 ms | 20.889 ms |  2088859|  2088859|   none  |
        |xFAverageGaussianMask3x3_0_0_1080_1920_0_1_1_1920_U0              |xFAverageGaussianMask3x3_0_0_1080_1920_0_1_1_1920_s              |  2082003|  2082003| 20.820 ms | 20.820 ms |  2082003|  2082003|   none  |
        |xFAngleKernel_2_0_1080_1920_3_0_1_5_1_1920_5760_U0                |xFAngleKernel_2_0_1080_1920_3_0_1_5_1_1920_5760_s                |  2077921|  2077921| 20.779 ms | 20.779 ms |  2077921|  2077921|   none  |
        |Loop_loop_height_proc1619_U0                                      |Loop_loop_height_proc1619                                        |        ?|        ?|          ?|          ?|        ?|        ?|   none  |
        |xfrgb2gray_1080_1920_U0                                           |xfrgb2gray_1080_1920_s                                           |  2073607|  2073607| 20.736 ms | 20.736 ms |  2073607|  2073607|   none  |
        |Loop_loop_height_proc1517_U0                                      |Loop_loop_height_proc1517                                        |  2077921|  2077921| 20.779 ms | 20.779 ms |  2077921|  2077921|   none  |
        |duplicate_1080_1920_U0                                            |duplicate_1080_1920_s                                            |  2073602|  2073602| 20.736 ms | 20.736 ms |  2073602|  2073602|   none  |
        |xfgray2rgb_1080_1920_U0                                           |xfgray2rgb_1080_1920_s                                           |  2073602|  2073602| 20.736 ms | 20.736 ms |  2073602|  2073602|   none  |
        +------------------------------------------------------------------+-----------------------------------------------------------------+---------+---------+-----------+-----------+---------+---------+---------+

        * Loop: 
        N/A



================================================================
== Utilization Estimates
================================================================
* Summary: 
+-----------------+---------+-----+--------+-------+-----+
|       Name      | BRAM_18K| DSP |   FF   |  LUT  | URAM|
+-----------------+---------+-----+--------+-------+-----+
|DSP              |        -|    -|       -|      -|    -|
|Expression       |        -|    -|       0|      4|    -|
|FIFO             |       32|    -|    2317|    953|    -|
|Instance         |       14|    6|    2652|   7119|    -|
|Memory           |        -|    -|       -|      -|    -|
|Multiplexer      |        -|    -|       -|      -|    -|
|Register         |        -|    -|       -|      -|    -|
+-----------------+---------+-----+--------+-------+-----+
|Total            |       46|    6|    4969|   8076|    0|
+-----------------+---------+-----+--------+-------+-----+
|Available        |      432|  360|  141120|  70560|    0|
+-----------------+---------+-----+--------+-------+-----+
|Utilization (%)  |       10|    1|       3|     11|    0|
+-----------------+---------+-----+--------+-------+-----+

+ Detail: 
    * Instance: 
    +------------------------------------------------------------------+-----------------------------------------------------------------+---------+----+------+------+-----+
    |                             Instance                             |                              Module                             | BRAM_18K| DSP|  FF  |  LUT | URAM|
    +------------------------------------------------------------------+-----------------------------------------------------------------+---------+----+------+------+-----+
    |Loop_loop_height_proc1517_U0                                      |Loop_loop_height_proc1517                                        |        0|   0|    46|   203|    0|
    |Loop_loop_height_proc1619_U0                                      |Loop_loop_height_proc1619                                        |        0|   0|   126|   386|    0|
    |duplicate_1080_1920_U0                                            |duplicate_1080_1920_s                                            |        0|   0|    29|   175|    0|
    |xFAngleKernel_2_0_1080_1920_3_0_1_5_1_1920_5760_U0                |xFAngleKernel_2_0_1080_1920_3_0_1_5_1_1920_5760_s                |        0|   1|   163|   380|    0|
    |xFAverageGaussianMask3x3_0_0_1080_1920_0_1_1_1920_U0              |xFAverageGaussianMask3x3_0_0_1080_1920_0_1_1_1920_s              |        3|   0|   291|   949|    0|
    |xFMagnitudeKernel_2_2_1080_1920_3_3_1_5_5_1920_5760_U0            |xFMagnitudeKernel_2_2_1080_1920_3_3_1_5_5_1920_5760_s            |        0|   2|  1043|  2266|    0|
    |xFSobel_0_2_1080_1920_0_3_1_1_5_3_false_U0                        |xFSobel_0_2_1080_1920_0_3_1_1_5_3_false_s                        |        3|   0|   425|  1218|    0|
    |xFSuppression3x3_2_0_0_1080_1920_3_0_0_1_5_1_1_1920_5760_5760_U0  |xFSuppression3x3_2_0_0_1080_1920_3_0_0_1_5_1_1_1920_5760_5760_s  |        8|   0|   378|  1227|    0|
    |xfgray2rgb_1080_1920_U0                                           |xfgray2rgb_1080_1920_s                                           |        0|   0|    29|   139|    0|
    |xfrgb2gray_1080_1920_U0                                           |xfrgb2gray_1080_1920_s                                           |        0|   3|   122|   176|    0|
    +------------------------------------------------------------------+-----------------------------------------------------------------+---------+----+------+------+-----+
    |Total                                                             |                                                                 |       14|   6|  2652|  7119|    0|
    +------------------------------------------------------------------+-----------------------------------------------------------------+---------+----+------+------+-----+

    * DSP: 
    N/A

    * Memory: 
    N/A

    * FIFO: 
    +----------------------+---------+-----+----+-----+------+-----+---------+
    |         Name         | BRAM_18K|  FF | LUT| URAM| Depth| Bits| Size:D*B|
    +----------------------+---------+-----+----+-----+------+-----+---------+
    |gaussian_mat_data_U   |        1|  163|   0|    -|  1920|    8|    15360|
    |gradx1_mat_data_U     |        2|  163|   0|    -|  1920|   16|    30720|
    |gradx2_mat_data_U     |        2|  163|   0|    -|  1920|   16|    30720|
    |gradx_mat_data_U      |        2|  163|   0|    -|  1920|   16|    30720|
    |grady1_mat_data_U     |        2|  163|   0|    -|  1920|   16|    30720|
    |grady2_mat_data_U     |        2|  163|   0|    -|  1920|   16|    30720|
    |grady_mat_data_U      |        2|  163|   0|    -|  1920|   16|    30720|
    |gray_img_src_data_U   |        1|  163|   0|    -|  1920|    8|    15360|
    |highthreshold_c_U     |        0|   99|   0|    -|     7|    8|       56|
    |lowthreshold_c_U      |        0|   99|   0|    -|     7|    8|       56|
    |magnitude_mat_data_U  |        7|  163|   0|    -|  5760|   16|    92160|
    |nms_mat_data_U        |        1|  163|   0|    -|  1920|    8|    15360|
    |phase_mat_data_U      |        4|  163|   0|    -|  5760|    8|    46080|
    |rgb_img_dst_data_U    |        3|  163|   0|    -|  1920|   24|    46080|
    |rgb_img_src_data_U    |        3|  163|   0|    -|  1920|   24|    46080|
    +----------------------+---------+-----+----+-----+------+-----+---------+
    |Total                 |       32| 2317|   0|    0| 32654|  208|   460912|
    +----------------------+---------+-----+----+-----+------+-----+---------+

    * Expression: 
    +-------------------------------------------+----------+----+---+----+------------+------------+
    |               Variable Name               | Operation| DSP| FF| LUT| Bitwidth P0| Bitwidth P1|
    +-------------------------------------------+----------+----+---+----+------------+------------+
    |Loop_loop_height_proc1619_U0_start_full_n  |    and   |   0|  0|   2|           1|           1|
    |duplicate_1080_1920_U0_start_full_n        |    and   |   0|  0|   2|           1|           1|
    +-------------------------------------------+----------+----+---+----+------------+------------+
    |Total                                      |          |   0|  0|   4|           2|           2|
    +-------------------------------------------+----------+----+---+----+------------+------------+

    * Multiplexer: 
    N/A

    * Register: 
    N/A



================================================================
== Interface
================================================================
* Summary: 
+----------------------+-----+-----+--------------+---------------------+--------------+
|       RTL Ports      | Dir | Bits|   Protocol   |    Source Object    |    C Type    |
+----------------------+-----+-----+--------------+---------------------+--------------+
|src_TDATA             |  in |   24|     axis     |     src_V_data_V    |    pointer   |
|src_TKEEP             |  in |    3|     axis     |     src_V_keep_V    |    pointer   |
|src_TSTRB             |  in |    3|     axis     |     src_V_strb_V    |    pointer   |
|src_TUSER             |  in |    1|     axis     |     src_V_user_V    |    pointer   |
|src_TLAST             |  in |    1|     axis     |     src_V_last_V    |    pointer   |
|src_TID               |  in |    1|     axis     |      src_V_id_V     |    pointer   |
|src_TDEST             |  in |    1|     axis     |     src_V_dest_V    |    pointer   |
|src_TVALID            |  in |    1|     axis     |     src_V_dest_V    |    pointer   |
|src_TREADY            | out |    1|     axis     |     src_V_dest_V    |    pointer   |
|dst_TDATA             | out |   24|     axis     |     dst_V_data_V    |    pointer   |
|dst_TKEEP             | out |    3|     axis     |     dst_V_keep_V    |    pointer   |
|dst_TSTRB             | out |    3|     axis     |     dst_V_strb_V    |    pointer   |
|dst_TUSER             | out |    1|     axis     |     dst_V_user_V    |    pointer   |
|dst_TLAST             | out |    1|     axis     |     dst_V_last_V    |    pointer   |
|dst_TID               | out |    1|     axis     |      dst_V_id_V     |    pointer   |
|dst_TDEST             | out |    1|     axis     |     dst_V_dest_V    |    pointer   |
|dst_TVALID            | out |    1|     axis     |     dst_V_dest_V    |    pointer   |
|dst_TREADY            |  in |    1|     axis     |     dst_V_dest_V    |    pointer   |
|lowthreshold          |  in |    8|    ap_vld    |     lowthreshold    |    pointer   |
|lowthreshold_ap_vld   |  in |    1|    ap_vld    |     lowthreshold    |    pointer   |
|highthreshold         |  in |    8|    ap_vld    |    highthreshold    |    pointer   |
|highthreshold_ap_vld  |  in |    1|    ap_vld    |    highthreshold    |    pointer   |
|ap_clk                |  in |    1| ap_ctrl_none | edge_canny_detector | return value |
|ap_rst_n              |  in |    1| ap_ctrl_none | edge_canny_detector | return value |
+----------------------+-----+-----+--------------+---------------------+--------------+

